AccelStepper.c:21:6:moveTo	16	static
AccelStepper.c:31:6:move	16	static
AccelStepper.c:39:9:runSpeed	24	static
AccelStepper.c:74:6:distanceToGo	16	static
AccelStepper.c:79:6:targetPosition	16	static
AccelStepper.c:84:6:currentPosition	16	static
AccelStepper.c:91:6:setCurrentPosition	16	static
AccelStepper.c:99:6:computeNewSpeed	40	static
AccelStepper.c:186:9:run	16	static
AccelStepper.c:193:6:InitStepper	32	static
AccelStepper.c:230:6:InitStepperFunct	32	static
AccelStepper.c:270:6:setMaxSpeed	24	static
AccelStepper.c:285:7:maxSpeed	16	static
AccelStepper.c:290:6:setAcceleration	24	static
AccelStepper.c:305:7:constrain	24	static
AccelStepper.c:312:6:setSpeed	24	static
AccelStepper.c:332:7:speed	16	static
AccelStepper.c:338:6:setOutputPins	24	static
AccelStepper.c:360:6:step	16	static
AccelStepper.c:399:6:step0	16	static
AccelStepper.c:410:6:step1	16	static
AccelStepper.c:426:6:step2	16	static
AccelStepper.c:450:6:step3	16	static
AccelStepper.c:471:6:step4	16	static
AccelStepper.c:496:6:step6	16	static
AccelStepper.c:529:6:step8	16	static
AccelStepper.c:567:6:setMinPulseWidth	16	static
AccelStepper.c:572:6:runToPosition	16	static
AccelStepper.c:577:9:runSpeedToPosition	16	static
AccelStepper.c:590:6:runToNewPosition	16	static
AccelStepper.c:596:6:stop	32	static
AccelStepper.c:610:9:isRunning	16	static
